// Jest Snapshot v1, https://goo.gl/fbAQLP

exports[`translator.pattern 1`] = `
"((a: 'a' { 
        return actions.get(\\"action0\\")({a, globalFunction,globalContext});
    }) / (b: 'b' { 
        return actions.get(\\"action1\\")({b, globalFunction,globalContext});
    }))"
`;
